// Jest Snapshot v1, https://goo.gl/fbAQLP

exports[`it matches snapshot 1`] = `
<input
  className="sc-bdnylx jWnVCv"
  data-testid="text-input"
  placeholder="test"
/>
`;
