// Jest Snapshot v1, https://goo.gl/fbAQLP

exports[`it matches snapshot 1`] = `
<h1
  className="sc-bdnylx eGJSLs"
  data-testid="text"
/>
`;
