// Jest Snapshot v1, https://goo.gl/fbAQLP

exports[`it matches snapshot 1`] = `
<div
  className="sc-bdnylx lgJeVP"
>
  <div
    className="sc-gtssRu bMnysw"
  />
  <div
    className="sc-dlnjPT ieGyKG"
  />
</div>
`;
