// Jest Snapshot v1, https://goo.gl/fbAQLP

exports[`it matches snapshot 1`] = `
<button
  className="sc-bdnylx UYLtV"
  data-testid="button"
>
  Search
</button>
`;
